// Jest Snapshot v1, https://goo.gl/fbAQLP

exports[`test using mock mocking api and snapshot test  1`] = `
<div
  className="dashboard-container"
/>
`;
